54A0
2610
F023
62C0
187C
0408
927F
1261
1240
0A01
14A1
16E1
62C0
0FF6
2004
1002
F021
F025
0030

54A0
1484
1B7F
07FD
F025

5260
5920
192A
24FC
6680
14A1
1243
193F
03FB
F025

5020
1021
5260
127B
56E0
16EA
2809
6500
1481
0405
1921
16FF
6500
03FA
5020
F025
3100

5260
126F
A406
0804
127F
1482
0801
0FFC
F025
3100
