D000

8000

C000
C040
C080
C0C0
C100
C140
C180
C1C0

0000
0200
0400
0600
0800
0A00
0C00
0E00
