5260
5920
192A
24FC
6680
14A1
1243
193F
03FB
F025
