5020
1021
5260
127B
56E0
16EA
2809
6500
1481
0405
1921
16FF
6500
03FA
5020
F025
3100
