D000

8000

F020
F021
F022
F023
F024
F025

C000
C040
C080
C0C0
C100
C140
C180
C1C0

0000
0200
0400
0600
0800
0A00
0C00
0E00

2000
2200
2400
2600
2800
2A00
2C00
2E00

A000
A200
A400
A600
A800
AA00
AC00
AE00

E000
E200
E400
E600
E800
EA00
EC00
EE00

3000
3200
3400
3600
3800
3A00
3C00
3E00

B000
B200
B400
B600
B800
BA00
BC00
BE00

903F
927F
94BF
96FF
993F
9B7F
9DBF
9FFF

6000
6241
6482
66C3
6904
6B45
6B4D
6FFF

5000
5241
5482
5020
5261
54A2

1000
1241
1482
1020
1261
14A2

4800
4000
